// Jest Snapshot v1, https://goo.gl/fbAQLP

exports[`App matches snapshot in \`Loading\` state 1`] = `
<DocumentFragment>
  <div
    class="ui container"
  >
    <h1
      class="ui center aligned header"
      data-testid="header"
      style="margin-top: 2rem;"
    >
      <a
        href="/"
      >
        SpaceX
      </a>
    </h1>
    <div
      class="ui big active centered inline loader"
      data-testid="loader"
    />
  </div>
</DocumentFragment>
`;
