// Jest Snapshot v1, https://goo.gl/fbAQLP

exports[`App matches snapshot in \`Loading\` state 1`] = `
<DocumentFragment>
  <div
    class="container"
  >
    <header
      class="header"
      data-testid="header"
    >
      <a
        href="/"
      >
        SpaceX
      </a>
    </header>
    <div
      class="content"
    >
      <p
        data-testid="launches-loading"
      >
        Loading...
      </p>
    </div>
  </div>
</DocumentFragment>
`;
