// Jest Snapshot v1, https://goo.gl/fbAQLP

exports[`matches snapshot 1`] = `
<DocumentFragment>
  <a
    class="ui red centered card"
    href="/launch/1"
  >
    <div
      class="content"
    >
      <div
        class="header"
      >
        FalconSat
      </div>
      <div
        class="meta"
      >
        <i
          aria-hidden="true"
          class="calendar icon"
        />
        2006-03-25T10:30:00+12:00
      </div>
      <div
        class="description"
      >
        <i
          aria-hidden="true"
          class="rocket icon"
        />
        Falcon 1
      </div>
    </div>
  </a>
</DocumentFragment>
`;
