// Jest Snapshot v1, https://goo.gl/fbAQLP

exports[`matches snapshot 1`] = `
<DocumentFragment>
  <div
    class="container"
  >
    <a
      href="/launch/1"
    >
      <div>
        flight_number: 1
      </div>
    </a>
    <div>
      launch_date_local: 2006-03-25T10:30:00+12:00
    </div>
    <div>
      mission_name: FalconSat
    </div>
    <div>
      rocket_name: Falcon 1
    </div>
  </div>
</DocumentFragment>
`;
